
> campuseats@0.1.0 build
> next build

  ▲ Next.js 14.2.3

   Creating an optimized production build ...
 ✓ Compiled successfully
   Linting and checking validity of types ...
   Collecting page data ...
   Generating static pages (0/25) ...
   Generating static pages (6/25) 
   Generating static pages (12/25) 
   Generating static pages (18/25) 
 ✓ Generating static pages (25/25)
   Finalizing page optimization ...
   Collecting build traces ...

Route (app)                              Size     First Load JS
┌ ƒ /                                    178 B          93.9 kB
├ ƒ /_not-found                          871 B          87.9 kB
├ ƒ /about                               178 B          93.9 kB
├ ƒ /admin                               147 B          87.1 kB
├ ƒ /api/auth                            0 B                0 B
├ ƒ /api/auth/login                      0 B                0 B
├ ƒ /api/auth/logout                     0 B                0 B
├ ƒ /api/auth/signup                     0 B                0 B
├ ƒ /api/menu                            0 B                0 B
├ ƒ /api/menu/[id]                       0 B                0 B
├ ƒ /api/products                        0 B                0 B
├ ƒ /api/upload                          0 B                0 B
├ ƒ /api/vendor/dashboard                0 B                0 B
├ ƒ /api/vendor/products                 0 B                0 B
├ ƒ /api/vendor/products/[id]            0 B                0 B
├ ƒ /api/vendors                         0 B                0 B
├ ƒ /api/vendors/[id]                    0 B                0 B
├ ƒ /cart                                147 B          87.1 kB
├ ƒ /dashboard                           147 B          87.1 kB
├ ƒ /explore                             4.76 kB        98.5 kB
├ ƒ /feed                                147 B          87.1 kB
├ ƒ /login                               4.01 kB        97.8 kB
├ ƒ /signup                              5.43 kB        99.2 kB
├ ƒ /student                             5.49 kB        99.3 kB
├ ƒ /vendor                              6.81 kB         101 kB
├ ƒ /vendor/[id]                         178 B          93.9 kB
└ ƒ /vendors                             178 B          93.9 kB
+ First Load JS shared by all            87 kB
  ├ chunks/23-1d9a27a87385db60.js        31.5 kB
  ├ chunks/fd9d1056-3cb911302c50f38f.js  53.6 kB
  └ other shared chunks (total)          1.89 kB


ƒ  (Dynamic)  server-rendered on demand

